// Jest Snapshot v1, https://goo.gl/fbAQLP

exports[`FormBaseInput should render 1`] = `<div />`;
