// Jest Snapshot v1, https://goo.gl/fbAQLP

exports[`FormComboBox should render 1`] = `
<ComboBox
  allowFreeform={true}
  comboBoxOptionStyles={
    Object {
      "root": Object {
        "minHeight": 20,
        "paddingBottom": 0,
        "paddingTop": 0,
      },
    }
  }
  field="experimentName"
  id="comboBoxId"
  label="test label"
  onOptionSelection={[Function]}
  options={
    Array [
      Object {
        "key": "key1",
        "text": "text1",
      },
      Object {
        "key": "key2",
        "text": "text2",
      },
      Object {
        "key": "key3",
        "text": "text3",
      },
    ]
  }
  placeholder="test place holder"
  required={true}
/>
`;
