// Jest Snapshot v1, https://goo.gl/fbAQLP

exports[`getCondaFileFromTemplate should call getSdkVersion with expected run 1`] = `
[MockFunction] {
  "calls": Array [
    Array [
      Object {
        "runId": "foo",
      },
    ],
  ],
  "results": Array [
    Object {
      "type": "return",
      "value": "1.0.0.*",
    },
  ],
}
`;

exports[`getCondaFileFromTemplate should return undefined if experiment name is undefined 1`] = `
"
# Conda environment specification. The dependencies defined in this file will
# be automatically provisioned for runs with userManagedDependencies=False.
# Details about the Conda environment file format:
# https://conda.io/docs/user-guide/tasks/manage-environments.html#create-env-file-manually

name: project_environment
dependencies:
  # The python interpreter version.
  # Currently Azure ML only supports 3.5.2 and later.
- python=3.6.2

- pip:
  - azureml-train-automl==1.0.0.*
- numpy
- scikit-learn
- py-xgboost<=0.80
"
`;
