// Jest Snapshot v1, https://goo.gl/fbAQLP

exports[`Model Deploy Panel Valid Data Should render header 1`] = `
<div
  className="panel-header"
  style={
    Object {
      "color": undefined,
    }
  }
>
  <h2>
    Deploy Model
  </h2>
  <p>
    Deploy the model to a web service which can then be used to predict on new data. Â 
    <StyledLinkBase
      href="https://docs.microsoft.com/en-us/azure/machine-learning/service/how-to-create-portal-experiments#deploy-model"
      target="_blank"
    >
      Learn more 
      <StyledIconBase
        iconName="NavigationExternalInline"
      />
    </StyledLinkBase>
  </p>
</div>
`;

exports[`Model Deploy Panel Valid Data should toggle conda file 1`] = `
<Fragment>
  <StyledPanelBase
    closeButtonAriaLabel="Close"
    isHiddenOnDismiss={true}
    isOpen={true}
    onDismiss={[MockFunction]}
    onRenderHeader={[Function]}
    type={3}
  >
    <Form
      onSubmit={[Function]}
    >
      <FormTextInput
        ariaLabel="Please enter deployment name here"
        field="name"
        label="Deployment name"
        placeholder="Deployment name"
        required={true}
        validators={
          Array [
            [Function],
            [Function],
          ]
        }
      />
      <FormTextInput
        ariaLabel="Please enter deployment description here"
        field="description"
        label="Deployment description"
        multiline={true}
        placeholder="Deployment description"
        required={false}
      />
      <p>
        Target: Only Azure Container Instance(ACI) is supported
      </p>
      <ScoringScriptSelector
        onToggle={[Function]}
      />
      <CondaFileSelector
        onToggle={[Function]}
      />
      <div
        className="form-footer"
      >
        <CustomizedDefaultButton
          onClick={[MockFunction]}
          text="Cancel"
        />
        <CustomizedPrimaryButton
          disabled={false}
          text="Deploy"
          type="submit"
        />
      </div>
    </Form>
  </StyledPanelBase>
</Fragment>
`;

exports[`Model Deploy Panel Valid Data should toggle scoring file 1`] = `
<Fragment>
  <StyledPanelBase
    closeButtonAriaLabel="Close"
    isHiddenOnDismiss={true}
    isOpen={true}
    onDismiss={[MockFunction]}
    onRenderHeader={[Function]}
    type={3}
  >
    <Form
      onSubmit={[Function]}
    >
      <FormTextInput
        ariaLabel="Please enter deployment name here"
        field="name"
        label="Deployment name"
        placeholder="Deployment name"
        required={true}
        validators={
          Array [
            [Function],
            [Function],
          ]
        }
      />
      <FormTextInput
        ariaLabel="Please enter deployment description here"
        field="description"
        label="Deployment description"
        multiline={true}
        placeholder="Deployment description"
        required={false}
      />
      <p>
        Target: Only Azure Container Instance(ACI) is supported
      </p>
      <ScoringScriptSelector
        onToggle={[Function]}
      />
      <CondaFileSelector
        onToggle={[Function]}
      />
      <div
        className="form-footer"
      >
        <CustomizedDefaultButton
          onClick={[MockFunction]}
          text="Cancel"
        />
        <CustomizedPrimaryButton
          disabled={false}
          text="Deploy"
          type="submit"
        />
      </div>
    </Form>
  </StyledPanelBase>
</Fragment>
`;
