// Jest Snapshot v1, https://goo.gl/fbAQLP

exports[`SubscriptionService should listSubscriptions 1`] = `
Array [
  Object {
    "id": "sampleSubscription",
  },
]
`;
