// Jest Snapshot v1, https://goo.gl/fbAQLP

exports[`BaseComponent render 1`] = `<div />`;
